*********************************************************************
* LD Score Regression (LDSC)
* Version 3.0.1
* (C) 2014-2019 Brendan Bulik-Sullivan and Hilary Finucane
* Broad Institute of MIT and Harvard / MIT Department of Mathematics
* GNU General Public License v3
*********************************************************************
Call: 
./ldsc.py \
--out 10 \
--bfile SAS.10 \
--l2  \
--ld-wind-cm 1.0 

Beginning analysis at Thu Jun 25 13:09:13 2026
Read list of 65201 SNPs from SAS.10.bim
Read list of 300 individuals from SAS.10.fam
Reading genotypes from SAS.10.bed
Estimating LD Score.
Writing LD Scores for 64247 SNPs to 10.l2.ldscore.gz

Summary of LD Scores in 10.l2.ldscore.gz
        MAF       L2
mean 0.2352  19.0053
std  0.1439  16.1350
min  0.0017  -1.0439
25%  0.1100   8.9093
50%  0.2250  14.7158
75%  0.3583  24.3874
max  0.5000 172.9036

MAF/LD Score Correlation Matrix
       MAF     L2
MAF 1.0000 0.2957
L2  0.2957 1.0000
Analysis finished at Thu Jun 25 13:09:22 2026
Total time elapsed: 9.52s
