*********************************************************************
* LD Score Regression (LDSC)
* Version 3.0.1
* (C) 2014-2019 Brendan Bulik-Sullivan and Hilary Finucane
* Broad Institute of MIT and Harvard / MIT Department of Mathematics
* GNU General Public License v3
*********************************************************************
Call: 
./ldsc.py \
--out 12 \
--bfile SAS.12 \
--l2  \
--ld-wind-cm 1.0 

Beginning analysis at Thu Jun 25 13:11:42 2026
Read list of 59679 SNPs from SAS.12.bim
Read list of 300 individuals from SAS.12.fam
Reading genotypes from SAS.12.bed
Estimating LD Score.
Writing LD Scores for 58629 SNPs to 12.l2.ldscore.gz

Summary of LD Scores in 12.l2.ldscore.gz
        MAF       L2
mean 0.2323  18.5839
std  0.1426  15.5287
min  0.0017  -0.4755
25%  0.1083   8.7402
50%  0.2200  14.7260
75%  0.3533  23.4467
max  0.5000 176.8238

MAF/LD Score Correlation Matrix
       MAF     L2
MAF 1.0000 0.2337
L2  0.2337 1.0000
Analysis finished at Thu Jun 25 13:11:48 2026
Total time elapsed: 5.9s
