*********************************************************************
* LD Score Regression (LDSC)
* Version 3.0.1
* (C) 2014-2019 Brendan Bulik-Sullivan and Hilary Finucane
* Broad Institute of MIT and Harvard / MIT Department of Mathematics
* GNU General Public License v3
*********************************************************************
Call: 
./ldsc.py \
--out 13 \
--bfile SAS.13 \
--l2  \
--ld-wind-cm 1.0 

Beginning analysis at Thu Jun 25 13:08:29 2026
Read list of 46285 SNPs from SAS.13.bim
Read list of 300 individuals from SAS.13.fam
Reading genotypes from SAS.13.bed
Estimating LD Score.
Writing LD Scores for 45592 SNPs to 13.l2.ldscore.gz

Summary of LD Scores in 13.l2.ldscore.gz
        MAF      L2
mean 0.2352 17.2152
std  0.1449 12.1754
min  0.0017 -0.8039
25%  0.1083  8.7146
50%  0.2250 14.2924
75%  0.3583 22.5409
max  0.5000 93.7626

MAF/LD Score Correlation Matrix
       MAF     L2
MAF 1.0000 0.3676
L2  0.3676 1.0000
Analysis finished at Thu Jun 25 13:08:33 2026
Total time elapsed: 4.66s
