*********************************************************************
* LD Score Regression (LDSC)
* Version 3.0.1
* (C) 2014-2019 Brendan Bulik-Sullivan and Hilary Finucane
* Broad Institute of MIT and Harvard / MIT Department of Mathematics
* GNU General Public License v3
*********************************************************************
Call: 
./ldsc.py \
--out 14 \
--bfile SAS.14 \
--l2  \
--ld-wind-cm 1.0 

Beginning analysis at Thu Jun 25 13:11:35 2026
Read list of 40176 SNPs from SAS.14.bim
Read list of 300 individuals from SAS.14.fam
Reading genotypes from SAS.14.bed
Estimating LD Score.
Writing LD Scores for 39516 SNPs to 14.l2.ldscore.gz

Summary of LD Scores in 14.l2.ldscore.gz
        MAF       L2
mean 0.2384  18.9595
std  0.1432  26.9639
min  0.0017  -0.2224
25%  0.1133   8.1040
50%  0.2350  13.5392
75%  0.3583  22.0443
max  0.5000 295.7523

MAF/LD Score Correlation Matrix
       MAF     L2
MAF 1.0000 0.2105
L2  0.2105 1.0000
Analysis finished at Thu Jun 25 13:11:39 2026
Total time elapsed: 3.96s
