*********************************************************************
* LD Score Regression (LDSC)
* Version 3.0.1
* (C) 2014-2019 Brendan Bulik-Sullivan and Hilary Finucane
* Broad Institute of MIT and Harvard / MIT Department of Mathematics
* GNU General Public License v3
*********************************************************************
Call: 
./ldsc.py \
--out 15 \
--bfile SAS.15 \
--l2  \
--ld-wind-cm 1.0 

Beginning analysis at Thu Jun 25 13:11:16 2026
Read list of 36444 SNPs from SAS.15.bim
Read list of 300 individuals from SAS.15.fam
Reading genotypes from SAS.15.bed
Estimating LD Score.
Writing LD Scores for 35962 SNPs to 15.l2.ldscore.gz

Summary of LD Scores in 15.l2.ldscore.gz
        MAF      L2
mean 0.2437 17.8688
std  0.1433 15.4048
min  0.0017 -0.4385
25%  0.1200  7.6537
50%  0.2383 13.0400
75%  0.3650 22.6337
max  0.5000 97.9786

MAF/LD Score Correlation Matrix
       MAF     L2
MAF 1.0000 0.2742
L2  0.2742 1.0000
Analysis finished at Thu Jun 25 13:11:19 2026
Total time elapsed: 3.62s
