*********************************************************************
* LD Score Regression (LDSC)
* Version 3.0.1
* (C) 2014-2019 Brendan Bulik-Sullivan and Hilary Finucane
* Broad Institute of MIT and Harvard / MIT Department of Mathematics
* GNU General Public License v3
*********************************************************************
Call: 
./ldsc.py \
--out 17 \
--bfile SAS.17 \
--l2  \
--ld-wind-cm 1.0 

Beginning analysis at Thu Jun 25 13:11:09 2026
Read list of 32742 SNPs from SAS.17.bim
Read list of 300 individuals from SAS.17.fam
Reading genotypes from SAS.17.bed
Estimating LD Score.
Writing LD Scores for 32229 SNPs to 17.l2.ldscore.gz

Summary of LD Scores in 17.l2.ldscore.gz
        MAF       L2
mean 0.2428  16.8214
std  0.1446  17.2432
min  0.0017  -1.1476
25%  0.1167   6.3537
50%  0.2383  11.3209
75%  0.3667  20.5046
max  0.5000 133.9099

MAF/LD Score Correlation Matrix
       MAF     L2
MAF 1.0000 0.2844
L2  0.2844 1.0000
Analysis finished at Thu Jun 25 13:11:12 2026
Total time elapsed: 3.05s
