*********************************************************************
* LD Score Regression (LDSC)
* Version 3.0.1
* (C) 2014-2019 Brendan Bulik-Sullivan and Hilary Finucane
* Broad Institute of MIT and Harvard / MIT Department of Mathematics
* GNU General Public License v3
*********************************************************************
Call: 
./ldsc.py \
--out 18 \
--bfile SAS.18 \
--l2  \
--ld-wind-cm 1.0 

Beginning analysis at Thu Jun 25 13:11:22 2026
Read list of 36063 SNPs from SAS.18.bim
Read list of 300 individuals from SAS.18.fam
Reading genotypes from SAS.18.bed
Estimating LD Score.
Writing LD Scores for 35500 SNPs to 18.l2.ldscore.gz

Summary of LD Scores in 18.l2.ldscore.gz
        MAF      L2
mean 0.2371 15.7457
std  0.1434 11.4035
min  0.0017 -0.2576
25%  0.1117  7.4509
50%  0.2317 12.8464
75%  0.3600 20.9557
max  0.5000 74.3248

MAF/LD Score Correlation Matrix
       MAF     L2
MAF 1.0000 0.2813
L2  0.2813 1.0000
Analysis finished at Thu Jun 25 13:11:26 2026
Total time elapsed: 4.14s
