*********************************************************************
* LD Score Regression (LDSC)
* Version 3.0.1
* (C) 2014-2019 Brendan Bulik-Sullivan and Hilary Finucane
* Broad Institute of MIT and Harvard / MIT Department of Mathematics
* GNU General Public License v3
*********************************************************************
Call: 
./ldsc.py \
--out 19 \
--bfile SAS.19 \
--l2  \
--ld-wind-cm 1.0 

Beginning analysis at Thu Jun 25 13:11:04 2026
Read list of 22891 SNPs from SAS.19.bim
Read list of 300 individuals from SAS.19.fam
Reading genotypes from SAS.19.bed
Estimating LD Score.
Writing LD Scores for 22449 SNPs to 19.l2.ldscore.gz

Summary of LD Scores in 19.l2.ldscore.gz
        MAF       L2
mean 0.2434  13.7586
std  0.1410  12.9130
min  0.0017  -0.6229
25%  0.1250   5.5855
50%  0.2367  10.0531
75%  0.3650  17.6653
max  0.5000 119.4689

MAF/LD Score Correlation Matrix
       MAF     L2
MAF 1.0000 0.2547
L2  0.2547 1.0000
Analysis finished at Thu Jun 25 13:11:06 2026
Total time elapsed: 2.17s
