*********************************************************************
* LD Score Regression (LDSC)
* Version 3.0.1
* (C) 2014-2019 Brendan Bulik-Sullivan and Hilary Finucane
* Broad Institute of MIT and Harvard / MIT Department of Mathematics
* GNU General Public License v3
*********************************************************************
Call: 
./ldsc.py \
--out 2 \
--bfile SAS.2 \
--l2  \
--ld-wind-cm 1.0 

Beginning analysis at Thu Jun 25 13:10:18 2026
Read list of 101622 SNPs from SAS.2.bim
Read list of 300 individuals from SAS.2.fam
Reading genotypes from SAS.2.bed
Estimating LD Score.
Writing LD Scores for 99971 SNPs to 2.l2.ldscore.gz

Summary of LD Scores in 2.l2.ldscore.gz
        MAF       L2
mean 0.2387  19.8310
std  0.1440  15.2245
min  0.0017  -0.8329
25%  0.1133   9.6637
50%  0.2317  16.0529
75%  0.3617  25.3732
max  0.5000 135.0839

MAF/LD Score Correlation Matrix
       MAF     L2
MAF 1.0000 0.3025
L2  0.3025 1.0000
Analysis finished at Thu Jun 25 13:10:28 2026
Total time elapsed: 9.66s
