*********************************************************************
* LD Score Regression (LDSC)
* Version 3.0.1
* (C) 2014-2019 Brendan Bulik-Sullivan and Hilary Finucane
* Broad Institute of MIT and Harvard / MIT Department of Mathematics
* GNU General Public License v3
*********************************************************************
Call: 
./ldsc.py \
--out 20 \
--bfile SAS.20 \
--l2  \
--ld-wind-cm 1.0 

Beginning analysis at Thu Jun 25 13:11:29 2026
Read list of 31679 SNPs from SAS.20.bim
Read list of 300 individuals from SAS.20.fam
Reading genotypes from SAS.20.bed
Estimating LD Score.
Writing LD Scores for 31113 SNPs to 20.l2.ldscore.gz

Summary of LD Scores in 20.l2.ldscore.gz
        MAF       L2
mean 0.2365  16.3671
std  0.1445  14.6599
min  0.0017  -0.3762
25%  0.1117   7.2762
50%  0.2267  12.4056
75%  0.3600  20.2538
max  0.5000 116.3678

MAF/LD Score Correlation Matrix
       MAF     L2
MAF 1.0000 0.3161
L2  0.3161 1.0000
Analysis finished at Thu Jun 25 13:11:32 2026
Total time elapsed: 2.87s
