*********************************************************************
* LD Score Regression (LDSC)
* Version 3.0.1
* (C) 2014-2019 Brendan Bulik-Sullivan and Hilary Finucane
* Broad Institute of MIT and Harvard / MIT Department of Mathematics
* GNU General Public License v3
*********************************************************************
Call: 
./ldsc.py \
--out 4 \
--bfile SAS.4 \
--l2  \
--ld-wind-cm 1.0 

Beginning analysis at Thu Jun 25 13:08:53 2026
Read list of 76290 SNPs from SAS.4.bim
Read list of 300 individuals from SAS.4.fam
Reading genotypes from SAS.4.bed
Estimating LD Score.
Writing LD Scores for 75076 SNPs to 4.l2.ldscore.gz

Summary of LD Scores in 4.l2.ldscore.gz
        MAF       L2
mean 0.2396  18.6434
std  0.1441  15.5137
min  0.0017  -0.5162
25%  0.1150   8.8430
50%  0.2333  14.9315
75%  0.3617  23.6280
max  0.5000 153.6927

MAF/LD Score Correlation Matrix
       MAF     L2
MAF 1.0000 0.2852
L2  0.2852 1.0000
Analysis finished at Thu Jun 25 13:09:01 2026
Total time elapsed: 7.21s
