*********************************************************************
* LD Score Regression (LDSC)
* Version 3.0.1
* (C) 2014-2019 Brendan Bulik-Sullivan and Hilary Finucane
* Broad Institute of MIT and Harvard / MIT Department of Mathematics
* GNU General Public License v3
*********************************************************************
Call: 
./ldsc.py \
--out 5 \
--bfile SAS.5 \
--l2  \
--ld-wind-cm 1.0 

Beginning analysis at Thu Jun 25 13:09:25 2026
Read list of 76068 SNPs from SAS.5.bim
Read list of 300 individuals from SAS.5.fam
Reading genotypes from SAS.5.bed
Estimating LD Score.
Writing LD Scores for 75214 SNPs to 5.l2.ldscore.gz

Summary of LD Scores in 5.l2.ldscore.gz
        MAF       L2
mean 0.2377  19.4281
std  0.1428  15.7580
min  0.0017  -0.4999
25%  0.1150   9.0688
50%  0.2283  15.4491
75%  0.3583  25.0137
max  0.5000 147.2478

MAF/LD Score Correlation Matrix
       MAF     L2
MAF 1.0000 0.2729
L2  0.2729 1.0000
Analysis finished at Thu Jun 25 13:09:33 2026
Total time elapsed: 7.13s
