*********************************************************************
* LD Score Regression (LDSC)
* Version 3.0.1
* (C) 2014-2019 Brendan Bulik-Sullivan and Hilary Finucane
* Broad Institute of MIT and Harvard / MIT Department of Mathematics
* GNU General Public License v3
*********************************************************************
Call: 
./ldsc.py \
--out 6 \
--bfile SAS.6 \
--l2  \
--ld-wind-cm 1.0 

Beginning analysis at Thu Jun 25 13:09:36 2026
Read list of 76804 SNPs from SAS.6.bim
Read list of 300 individuals from SAS.6.fam
Reading genotypes from SAS.6.bed
Estimating LD Score.
Writing LD Scores for 75328 SNPs to 6.l2.ldscore.gz

Summary of LD Scores in 6.l2.ldscore.gz
        MAF       L2
mean 0.2354  20.1237
std  0.1441  16.6845
min  0.0017  -1.2504
25%  0.1083   9.4327
50%  0.2267  15.7004
75%  0.3583  25.5011
max  0.5000 144.5946

MAF/LD Score Correlation Matrix
       MAF     L2
MAF 1.0000 0.3120
L2  0.3120 1.0000
Analysis finished at Thu Jun 25 13:09:43 2026
Total time elapsed: 7.35s
