*********************************************************************
* LD Score Regression (LDSC)
* Version 3.0.1
* (C) 2014-2019 Brendan Bulik-Sullivan and Hilary Finucane
* Broad Institute of MIT and Harvard / MIT Department of Mathematics
* GNU General Public License v3
*********************************************************************
Call: 
./ldsc.py \
--out 7 \
--bfile SAS.7 \
--l2  \
--ld-wind-cm 1.0 

Beginning analysis at Thu Jun 25 13:09:03 2026
Read list of 67158 SNPs from SAS.7.bim
Read list of 300 individuals from SAS.7.fam
Reading genotypes from SAS.7.bed
Estimating LD Score.
Writing LD Scores for 66227 SNPs to 7.l2.ldscore.gz

Summary of LD Scores in 7.l2.ldscore.gz
        MAF       L2
mean 0.2388  18.5312
std  0.1425  14.9551
min  0.0017  -0.8629
25%  0.1150   9.0283
50%  0.2317  14.7547
75%  0.3600  23.5389
max  0.5000 127.2547

MAF/LD Score Correlation Matrix
       MAF     L2
MAF 1.0000 0.2871
L2  0.2871 1.0000
Analysis finished at Thu Jun 25 13:09:10 2026
Total time elapsed: 6.45s
