*********************************************************************
* LD Score Regression (LDSC)
* Version 3.0.1
* (C) 2014-2019 Brendan Bulik-Sullivan and Hilary Finucane
* Broad Institute of MIT and Harvard / MIT Department of Mathematics
* GNU General Public License v3
*********************************************************************
Call: 
./ldsc.py \
--out 9 \
--bfile SAS.9 \
--l2  \
--ld-wind-cm 1.0 

Beginning analysis at Thu Jun 25 13:08:36 2026
Read list of 56349 SNPs from SAS.9.bim
Read list of 300 individuals from SAS.9.fam
Reading genotypes from SAS.9.bed
Estimating LD Score.
Writing LD Scores for 55562 SNPs to 9.l2.ldscore.gz

Summary of LD Scores in 9.l2.ldscore.gz
        MAF      L2
mean 0.2364 17.3498
std  0.1416 12.6052
min  0.0017 -0.2631
25%  0.1133  8.5653
50%  0.2300 14.2539
75%  0.3550 22.7373
max  0.5000 94.9288

MAF/LD Score Correlation Matrix
       MAF     L2
MAF 1.0000 0.2896
L2  0.2896 1.0000
Analysis finished at Thu Jun 25 13:08:42 2026
Total time elapsed: 5.2s
