*********************************************************************
* LD Score Regression (LDSC)
* Version 3.0.1
* (C) 2014-2019 Brendan Bulik-Sullivan and Hilary Finucane
* Broad Institute of MIT and Harvard / MIT Department of Mathematics
* GNU General Public License v3
*********************************************************************
Call: 
./ldsc.py \
--out 1 \
--bfile EUR.1 \
--l2  \
--ld-wind-cm 1.0 

Beginning analysis at Thu Jun 25 13:15:22 2026
Read list of 100360 SNPs from EUR.1.bim
Read list of 300 individuals from EUR.1.fam
Reading genotypes from EUR.1.bed
Estimating LD Score.
Writing LD Scores for 99515 SNPs to 1.l2.ldscore.gz

Summary of LD Scores in 1.l2.ldscore.gz
        MAF       L2
mean 0.2319  21.2572
std  0.1443  17.4690
min  0.0017  -0.8677
25%  0.1050  10.0835
50%  0.2200  17.0129
75%  0.3550  27.5758
max  0.5000 202.9555

MAF/LD Score Correlation Matrix
       MAF     L2
MAF 1.0000 0.3012
L2  0.3012 1.0000
Analysis finished at Thu Jun 25 13:15:31 2026
Total time elapsed: 9.12s
