*********************************************************************
* LD Score Regression (LDSC)
* Version 3.0.1
* (C) 2014-2019 Brendan Bulik-Sullivan and Hilary Finucane
* Broad Institute of MIT and Harvard / MIT Department of Mathematics
* GNU General Public License v3
*********************************************************************
Call: 
./ldsc.py \
--out 11 \
--bfile EUR.11 \
--l2  \
--ld-wind-cm 1.0 

Beginning analysis at Thu Jun 25 13:15:13 2026
Read list of 61995 SNPs from EUR.11.bim
Read list of 300 individuals from EUR.11.fam
Reading genotypes from EUR.11.bed
Estimating LD Score.
Writing LD Scores for 61426 SNPs to 11.l2.ldscore.gz

Summary of LD Scores in 11.l2.ldscore.gz
        MAF       L2
mean 0.2378  23.9675
std  0.1431  26.6693
min  0.0017  -0.6117
25%  0.1133  10.3730
50%  0.2283  17.6356
75%  0.3600  28.2580
max  0.5000 278.0447

MAF/LD Score Correlation Matrix
       MAF     L2
MAF 1.0000 0.1485
L2  0.1485 1.0000
Analysis finished at Thu Jun 25 13:15:19 2026
Total time elapsed: 5.56s
