*********************************************************************
* LD Score Regression (LDSC)
* Version 3.0.1
* (C) 2014-2019 Brendan Bulik-Sullivan and Hilary Finucane
* Broad Institute of MIT and Harvard / MIT Department of Mathematics
* GNU General Public License v3
*********************************************************************
Call: 
./ldsc.py \
--out 12 \
--bfile EUR.12 \
--l2  \
--ld-wind-cm 1.0 

Beginning analysis at Thu Jun 25 13:17:31 2026
Read list of 59679 SNPs from EUR.12.bim
Read list of 300 individuals from EUR.12.fam
Reading genotypes from EUR.12.bed
Estimating LD Score.
Writing LD Scores for 59261 SNPs to 12.l2.ldscore.gz

Summary of LD Scores in 12.l2.ldscore.gz
        MAF       L2
mean 0.2302  21.1227
std  0.1445  18.4691
min  0.0017  -0.8510
25%  0.1033   9.8314
50%  0.2167  16.3044
75%  0.3550  26.5307
max  0.5000 205.5202

MAF/LD Score Correlation Matrix
       MAF     L2
MAF 1.0000 0.2585
L2  0.2585 1.0000
Analysis finished at Thu Jun 25 13:17:36 2026
Total time elapsed: 5.57s
