*********************************************************************
* LD Score Regression (LDSC)
* Version 3.0.1
* (C) 2014-2019 Brendan Bulik-Sullivan and Hilary Finucane
* Broad Institute of MIT and Harvard / MIT Department of Mathematics
* GNU General Public License v3
*********************************************************************
Call: 
./ldsc.py \
--out 13 \
--bfile EUR.13 \
--l2  \
--ld-wind-cm 1.0 

Beginning analysis at Thu Jun 25 13:17:46 2026
Read list of 46285 SNPs from EUR.13.bim
Read list of 300 individuals from EUR.13.fam
Reading genotypes from EUR.13.bed
Estimating LD Score.
Writing LD Scores for 45915 SNPs to 13.l2.ldscore.gz

Summary of LD Scores in 13.l2.ldscore.gz
        MAF      L2
mean 0.2313 19.3278
std  0.1439 13.4245
min  0.0017 -0.5521
25%  0.1050  9.7061
50%  0.2183 16.1132
75%  0.3533 25.5202
max  0.5000 98.3398

MAF/LD Score Correlation Matrix
       MAF     L2
MAF 1.0000 0.3414
L2  0.3414 1.0000
Analysis finished at Thu Jun 25 13:17:50 2026
Total time elapsed: 4.37s
