*********************************************************************
* LD Score Regression (LDSC)
* Version 3.0.1
* (C) 2014-2019 Brendan Bulik-Sullivan and Hilary Finucane
* Broad Institute of MIT and Harvard / MIT Department of Mathematics
* GNU General Public License v3
*********************************************************************
Call: 
./ldsc.py \
--out 15 \
--bfile EUR.15 \
--l2  \
--ld-wind-cm 1.0 

Beginning analysis at Thu Jun 25 13:17:39 2026
Read list of 36444 SNPs from EUR.15.bim
Read list of 300 individuals from EUR.15.fam
Reading genotypes from EUR.15.bed
Estimating LD Score.
Writing LD Scores for 36114 SNPs to 15.l2.ldscore.gz

Summary of LD Scores in 15.l2.ldscore.gz
        MAF       L2
mean 0.2354  19.4045
std  0.1447  16.0461
min  0.0017  -0.1269
25%  0.1083   8.7665
50%  0.2250  14.7255
75%  0.3617  24.2616
max  0.5000 101.4863

MAF/LD Score Correlation Matrix
       MAF     L2
MAF 1.0000 0.2459
L2  0.2459 1.0000
Analysis finished at Thu Jun 25 13:17:43 2026
Total time elapsed: 3.41s
