*********************************************************************
* LD Score Regression (LDSC)
* Version 3.0.1
* (C) 2014-2019 Brendan Bulik-Sullivan and Hilary Finucane
* Broad Institute of MIT and Harvard / MIT Department of Mathematics
* GNU General Public License v3
*********************************************************************
Call: 
./ldsc.py \
--out 16 \
--bfile EUR.16 \
--l2  \
--ld-wind-cm 1.0 

Beginning analysis at Thu Jun 25 13:17:12 2026
Read list of 37233 SNPs from EUR.16.bim
Read list of 300 individuals from EUR.16.fam
Reading genotypes from EUR.16.bed
Estimating LD Score.
Writing LD Scores for 36821 SNPs to 16.l2.ldscore.gz

Summary of LD Scores in 16.l2.ldscore.gz
        MAF       L2
mean 0.2368  17.3350
std  0.1439  14.2076
min  0.0017  -0.6465
25%  0.1117   8.0296
50%  0.2283  13.3877
75%  0.3600  21.8981
max  0.5000 115.0728

MAF/LD Score Correlation Matrix
       MAF     L2
MAF 1.0000 0.2119
L2  0.2119 1.0000
Analysis finished at Thu Jun 25 13:17:15 2026
Total time elapsed: 3.56s
