*********************************************************************
* LD Score Regression (LDSC)
* Version 3.0.1
* (C) 2014-2019 Brendan Bulik-Sullivan and Hilary Finucane
* Broad Institute of MIT and Harvard / MIT Department of Mathematics
* GNU General Public License v3
*********************************************************************
Call: 
./ldsc.py \
--out 17 \
--bfile EUR.17 \
--l2  \
--ld-wind-cm 1.0 

Beginning analysis at Thu Jun 25 13:14:39 2026
Read list of 32742 SNPs from EUR.17.bim
Read list of 300 individuals from EUR.17.fam
Reading genotypes from EUR.17.bed
Estimating LD Score.
Writing LD Scores for 32456 SNPs to 17.l2.ldscore.gz

Summary of LD Scores in 17.l2.ldscore.gz
        MAF       L2
mean 0.2405  18.8819
std  0.1455  19.1045
min  0.0017  -0.7806
25%  0.1117   7.2059
50%  0.2333  12.7783
75%  0.3667  23.3230
max  0.5000 156.9481

MAF/LD Score Correlation Matrix
       MAF     L2
MAF 1.0000 0.3228
L2  0.3228 1.0000
Analysis finished at Thu Jun 25 13:14:42 2026
Total time elapsed: 3.04s
