*********************************************************************
* LD Score Regression (LDSC)
* Version 3.0.1
* (C) 2014-2019 Brendan Bulik-Sullivan and Hilary Finucane
* Broad Institute of MIT and Harvard / MIT Department of Mathematics
* GNU General Public License v3
*********************************************************************
Call: 
./ldsc.py \
--out 18 \
--bfile EUR.18 \
--l2  \
--ld-wind-cm 1.0 

Beginning analysis at Thu Jun 25 13:17:18 2026
Read list of 36063 SNPs from EUR.18.bim
Read list of 300 individuals from EUR.18.fam
Reading genotypes from EUR.18.bed
Estimating LD Score.
Writing LD Scores for 35784 SNPs to 18.l2.ldscore.gz

Summary of LD Scores in 18.l2.ldscore.gz
        MAF      L2
mean 0.2344 18.0242
std  0.1433 12.9041
min  0.0017 -0.2734
25%  0.1083  8.6616
50%  0.2233 14.8779
75%  0.3567 23.9712
max  0.5000 84.3257

MAF/LD Score Correlation Matrix
       MAF     L2
MAF 1.0000 0.2945
L2  0.2945 1.0000
Analysis finished at Thu Jun 25 13:17:21 2026
Total time elapsed: 3.27s
