*********************************************************************
* LD Score Regression (LDSC)
* Version 3.0.1
* (C) 2014-2019 Brendan Bulik-Sullivan and Hilary Finucane
* Broad Institute of MIT and Harvard / MIT Department of Mathematics
* GNU General Public License v3
*********************************************************************
Call: 
./ldsc.py \
--out 2 \
--bfile EUR.2 \
--l2  \
--ld-wind-cm 1.0 

Beginning analysis at Thu Jun 25 13:15:44 2026
Read list of 101622 SNPs from EUR.2.bim
Read list of 300 individuals from EUR.2.fam
Reading genotypes from EUR.2.bed
Estimating LD Score.
Writing LD Scores for 100722 SNPs to 2.l2.ldscore.gz

Summary of LD Scores in 2.l2.ldscore.gz
        MAF       L2
mean 0.2361  22.0445
std  0.1442  16.1261
min  0.0017  -0.8429
25%  0.1100  10.9300
50%  0.2267  18.1649
75%  0.3600  28.2823
max  0.5000 146.1670

MAF/LD Score Correlation Matrix
       MAF     L2
MAF 1.0000 0.3117
L2  0.3117 1.0000
Analysis finished at Thu Jun 25 13:15:54 2026
Total time elapsed: 9.72s
