*********************************************************************
* LD Score Regression (LDSC)
* Version 3.0.1
* (C) 2014-2019 Brendan Bulik-Sullivan and Hilary Finucane
* Broad Institute of MIT and Harvard / MIT Department of Mathematics
* GNU General Public License v3
*********************************************************************
Call: 
./ldsc.py \
--out 20 \
--bfile EUR.20 \
--l2  \
--ld-wind-cm 1.0 

Beginning analysis at Thu Jun 25 13:17:06 2026
Read list of 31679 SNPs from EUR.20.bim
Read list of 300 individuals from EUR.20.fam
Reading genotypes from EUR.20.bed
Estimating LD Score.
Writing LD Scores for 31420 SNPs to 20.l2.ldscore.gz

Summary of LD Scores in 20.l2.ldscore.gz
        MAF       L2
mean 0.2321  18.2965
std  0.1442  16.4849
min  0.0017  -0.6291
25%  0.1033   8.2781
50%  0.2200  13.8392
75%  0.3550  22.5102
max  0.5000 122.9874

MAF/LD Score Correlation Matrix
       MAF     L2
MAF 1.0000 0.3007
L2  0.3007 1.0000
Analysis finished at Thu Jun 25 13:17:09 2026
Total time elapsed: 2.87s
