*********************************************************************
* LD Score Regression (LDSC)
* Version 3.0.1
* (C) 2014-2019 Brendan Bulik-Sullivan and Hilary Finucane
* Broad Institute of MIT and Harvard / MIT Department of Mathematics
* GNU General Public License v3
*********************************************************************
Call: 
./ldsc.py \
--out 4 \
--bfile EUR.4 \
--l2  \
--ld-wind-cm 1.0 

Beginning analysis at Thu Jun 25 13:15:03 2026
Read list of 76290 SNPs from EUR.4.bim
Read list of 300 individuals from EUR.4.fam
Reading genotypes from EUR.4.bed
Estimating LD Score.
Writing LD Scores for 75626 SNPs to 4.l2.ldscore.gz

Summary of LD Scores in 4.l2.ldscore.gz
        MAF       L2
mean 0.2350  20.5581
std  0.1434  15.4930
min  0.0017  -0.6214
25%  0.1100  10.0871
50%  0.2283  16.8964
75%  0.3550  26.4746
max  0.5000 126.3519

MAF/LD Score Correlation Matrix
       MAF     L2
MAF 1.0000 0.2836
L2  0.2836 1.0000
Analysis finished at Thu Jun 25 13:15:10 2026
Total time elapsed: 7.05s
