*********************************************************************
* LD Score Regression (LDSC)
* Version 3.0.1
* (C) 2014-2019 Brendan Bulik-Sullivan and Hilary Finucane
* Broad Institute of MIT and Harvard / MIT Department of Mathematics
* GNU General Public License v3
*********************************************************************
Call: 
./ldsc.py \
--out 6 \
--bfile EUR.6 \
--l2  \
--ld-wind-cm 1.0 

Beginning analysis at Thu Jun 25 13:15:34 2026
Read list of 76804 SNPs from EUR.6.bim
Read list of 300 individuals from EUR.6.fam
Reading genotypes from EUR.6.bed
Estimating LD Score.
Writing LD Scores for 76243 SNPs to 6.l2.ldscore.gz

Summary of LD Scores in 6.l2.ldscore.gz
        MAF       L2
mean 0.2330  22.3184
std  0.1446  18.5384
min  0.0017  -1.1754
25%  0.1067  10.6340
50%  0.2217  17.5962
75%  0.3567  27.9776
max  0.5000 167.6584

MAF/LD Score Correlation Matrix
       MAF     L2
MAF 1.0000 0.3015
L2  0.3015 1.0000
Analysis finished at Thu Jun 25 13:15:41 2026
Total time elapsed: 6.98s
