*********************************************************************
* LD Score Regression (LDSC)
* Version 3.0.1
* (C) 2014-2019 Brendan Bulik-Sullivan and Hilary Finucane
* Broad Institute of MIT and Harvard / MIT Department of Mathematics
* GNU General Public License v3
*********************************************************************
Call: 
./ldsc.py \
--out 9 \
--bfile EUR.9 \
--l2  \
--ld-wind-cm 1.0 

Beginning analysis at Thu Jun 25 13:15:57 2026
Read list of 56349 SNPs from EUR.9.bim
Read list of 300 individuals from EUR.9.fam
Reading genotypes from EUR.9.bed
Estimating LD Score.
Writing LD Scores for 55864 SNPs to 9.l2.ldscore.gz

Summary of LD Scores in 9.l2.ldscore.gz
        MAF       L2
mean 0.2338  19.2983
std  0.1433  13.7015
min  0.0017  -0.5256
25%  0.1083   9.7670
50%  0.2233  15.9957
75%  0.3550  25.1676
max  0.5000 113.9952

MAF/LD Score Correlation Matrix
       MAF     L2
MAF 1.0000 0.3313
L2  0.3313 1.0000
Analysis finished at Thu Jun 25 13:16:02 2026
Total time elapsed: 5.01s
