*********************************************************************
* LD Score Regression (LDSC)
* Version 3.0.1
* (C) 2014-2019 Brendan Bulik-Sullivan and Hilary Finucane
* Broad Institute of MIT and Harvard / MIT Department of Mathematics
* GNU General Public License v3
*********************************************************************
Call: 
./ldsc.py \
--out 1 \
--bfile AMR.1 \
--l2  \
--ld-wind-cm 1.0 

Beginning analysis at Thu Jun 25 13:13:31 2026
Read list of 100360 SNPs from AMR.1.bim
Read list of 300 individuals from AMR.1.fam
Reading genotypes from AMR.1.bed
Estimating LD Score.
Writing LD Scores for 99759 SNPs to 1.l2.ldscore.gz

Summary of LD Scores in 1.l2.ldscore.gz
        MAF       L2
mean 0.2369  25.4622
std  0.1428  19.8296
min  0.0017  -0.7448
25%  0.1100  12.5098
50%  0.2300  20.6609
75%  0.3583  32.8765
max  0.5000 203.8967

MAF/LD Score Correlation Matrix
       MAF     L2
MAF 1.0000 0.3806
L2  0.3806 1.0000
Analysis finished at Thu Jun 25 13:13:42 2026
Total time elapsed: 10.14s
