*********************************************************************
* LD Score Regression (LDSC)
* Version 3.0.1
* (C) 2014-2019 Brendan Bulik-Sullivan and Hilary Finucane
* Broad Institute of MIT and Harvard / MIT Department of Mathematics
* GNU General Public License v3
*********************************************************************
Call: 
./ldsc.py \
--out 10 \
--bfile AMR.10 \
--l2  \
--ld-wind-cm 1.0 

Beginning analysis at Thu Jun 25 13:14:45 2026
Read list of 65201 SNPs from AMR.10.bim
Read list of 300 individuals from AMR.10.fam
Reading genotypes from AMR.10.bed
Estimating LD Score.
Writing LD Scores for 64792 SNPs to 10.l2.ldscore.gz

Summary of LD Scores in 10.l2.ldscore.gz
        MAF       L2
mean 0.2345  24.9408
std  0.1415  18.3902
min  0.0017  -0.6778
25%  0.1117  12.3201
50%  0.2233  20.0920
75%  0.3533  32.4002
max  0.5000 157.7281

MAF/LD Score Correlation Matrix
       MAF     L2
MAF 1.0000 0.3537
L2  0.3537 1.0000
Analysis finished at Thu Jun 25 13:14:51 2026
Total time elapsed: 6.28s
