*********************************************************************
* LD Score Regression (LDSC)
* Version 3.0.1
* (C) 2014-2019 Brendan Bulik-Sullivan and Hilary Finucane
* Broad Institute of MIT and Harvard / MIT Department of Mathematics
* GNU General Public License v3
*********************************************************************
Call: 
./ldsc.py \
--out 11 \
--bfile AMR.11 \
--l2  \
--ld-wind-cm 1.0 

Beginning analysis at Thu Jun 25 13:14:54 2026
Read list of 61995 SNPs from AMR.11.bim
Read list of 300 individuals from AMR.11.fam
Reading genotypes from AMR.11.bed
Estimating LD Score.
Writing LD Scores for 61593 SNPs to 11.l2.ldscore.gz

Summary of LD Scores in 11.l2.ldscore.gz
        MAF       L2
mean 0.2388  28.8480
std  0.1413  28.4816
min  0.0017  -2.9819
25%  0.1150  13.0395
50%  0.2300  21.6670
75%  0.3583  34.6887
max  0.5000 261.2953

MAF/LD Score Correlation Matrix
       MAF     L2
MAF 1.0000 0.2046
L2  0.2046 1.0000
Analysis finished at Thu Jun 25 13:15:00 2026
Total time elapsed: 6.03s
