*********************************************************************
* LD Score Regression (LDSC)
* Version 3.0.1
* (C) 2014-2019 Brendan Bulik-Sullivan and Hilary Finucane
* Broad Institute of MIT and Harvard / MIT Department of Mathematics
* GNU General Public License v3
*********************************************************************
Call: 
./ldsc.py \
--out 13 \
--bfile AMR.13 \
--l2  \
--ld-wind-cm 1.0 

Beginning analysis at Thu Jun 25 13:13:51 2026
Read list of 46285 SNPs from AMR.13.bim
Read list of 300 individuals from AMR.13.fam
Reading genotypes from AMR.13.bed
Estimating LD Score.
Writing LD Scores for 46031 SNPs to 13.l2.ldscore.gz

Summary of LD Scores in 13.l2.ldscore.gz
        MAF       L2
mean 0.2348  22.7713
std  0.1417  15.5960
min  0.0017  -0.8810
25%  0.1100  11.6590
50%  0.2267  18.8348
75%  0.3550  29.8229
max  0.5000 132.0466

MAF/LD Score Correlation Matrix
       MAF     L2
MAF 1.0000 0.3805
L2  0.3805 1.0000
Analysis finished at Thu Jun 25 13:13:55 2026
Total time elapsed: 4.61s
