*********************************************************************
* LD Score Regression (LDSC)
* Version 3.0.1
* (C) 2014-2019 Brendan Bulik-Sullivan and Hilary Finucane
* Broad Institute of MIT and Harvard / MIT Department of Mathematics
* GNU General Public License v3
*********************************************************************
Call: 
./ldsc.py \
--out 14 \
--bfile AMR.14 \
--l2  \
--ld-wind-cm 1.0 

Beginning analysis at Thu Jun 25 13:12:13 2026
Read list of 40176 SNPs from AMR.14.bim
Read list of 300 individuals from AMR.14.fam
Reading genotypes from AMR.14.bed
Estimating LD Score.
Writing LD Scores for 39939 SNPs to 14.l2.ldscore.gz

Summary of LD Scores in 14.l2.ldscore.gz
        MAF       L2
mean 0.2344  26.0121
std  0.1426  27.6777
min  0.0017  -0.8140
25%  0.1083  11.8119
50%  0.2217  19.7363
75%  0.3583  32.0034
max  0.5000 278.4932

MAF/LD Score Correlation Matrix
       MAF     L2
MAF 1.0000 0.2806
L2  0.2806 1.0000
Analysis finished at Thu Jun 25 13:12:17 2026
Total time elapsed: 3.96s
