*********************************************************************
* LD Score Regression (LDSC)
* Version 3.0.1
* (C) 2014-2019 Brendan Bulik-Sullivan and Hilary Finucane
* Broad Institute of MIT and Harvard / MIT Department of Mathematics
* GNU General Public License v3
*********************************************************************
Call: 
./ldsc.py \
--out 15 \
--bfile AMR.15 \
--l2  \
--ld-wind-cm 1.0 

Beginning analysis at Thu Jun 25 13:11:51 2026
Read list of 36444 SNPs from AMR.15.bim
Read list of 300 individuals from AMR.15.fam
Reading genotypes from AMR.15.bed
Estimating LD Score.
Writing LD Scores for 36199 SNPs to 15.l2.ldscore.gz

Summary of LD Scores in 15.l2.ldscore.gz
        MAF       L2
mean 0.2429  23.8452
std  0.1426  19.1973
min  0.0017  -0.5834
25%  0.1183  10.8367
50%  0.2350  18.2784
75%  0.3667  30.4910
max  0.5000 133.5787

MAF/LD Score Correlation Matrix
       MAF     L2
MAF 1.0000 0.3257
L2  0.3257 1.0000
Analysis finished at Thu Jun 25 13:11:55 2026
Total time elapsed: 3.63s
