*********************************************************************
* LD Score Regression (LDSC)
* Version 3.0.1
* (C) 2014-2019 Brendan Bulik-Sullivan and Hilary Finucane
* Broad Institute of MIT and Harvard / MIT Department of Mathematics
* GNU General Public License v3
*********************************************************************
Call: 
./ldsc.py \
--out 16 \
--bfile AMR.16 \
--l2  \
--ld-wind-cm 1.0 

Beginning analysis at Thu Jun 25 13:12:06 2026
Read list of 37233 SNPs from AMR.16.bim
Read list of 300 individuals from AMR.16.fam
Reading genotypes from AMR.16.bed
Estimating LD Score.
Writing LD Scores for 36886 SNPs to 16.l2.ldscore.gz

Summary of LD Scores in 16.l2.ldscore.gz
        MAF       L2
mean 0.2400  21.1903
std  0.1431  16.4674
min  0.0017  -1.7148
25%  0.1150  10.0470
50%  0.2300  16.4541
75%  0.3633  26.9408
max  0.5000 118.5894

MAF/LD Score Correlation Matrix
       MAF     L2
MAF 1.0000 0.3141
L2  0.3141 1.0000
Analysis finished at Thu Jun 25 13:12:10 2026
Total time elapsed: 3.58s
