*********************************************************************
* LD Score Regression (LDSC)
* Version 3.0.1
* (C) 2014-2019 Brendan Bulik-Sullivan and Hilary Finucane
* Broad Institute of MIT and Harvard / MIT Department of Mathematics
* GNU General Public License v3
*********************************************************************
Call: 
./ldsc.py \
--out 17 \
--bfile AMR.17 \
--l2  \
--ld-wind-cm 1.0 

Beginning analysis at Thu Jun 25 13:13:45 2026
Read list of 32742 SNPs from AMR.17.bim
Read list of 300 individuals from AMR.17.fam
Reading genotypes from AMR.17.bed
Estimating LD Score.
Writing LD Scores for 32520 SNPs to 17.l2.ldscore.gz

Summary of LD Scores in 17.l2.ldscore.gz
        MAF       L2
mean 0.2463  20.9838
std  0.1450  19.0448
min  0.0017  -0.5239
25%  0.1200   8.8740
50%  0.2392  15.2344
75%  0.3750  26.6687
max  0.5000 151.4972

MAF/LD Score Correlation Matrix
       MAF     L2
MAF 1.0000 0.3798
L2  0.3798 1.0000
Analysis finished at Thu Jun 25 13:13:48 2026
Total time elapsed: 3.08s
