*********************************************************************
* LD Score Regression (LDSC)
* Version 3.0.1
* (C) 2014-2019 Brendan Bulik-Sullivan and Hilary Finucane
* Broad Institute of MIT and Harvard / MIT Department of Mathematics
* GNU General Public License v3
*********************************************************************
Call: 
./ldsc.py \
--out 18 \
--bfile AMR.18 \
--l2  \
--ld-wind-cm 1.0 

Beginning analysis at Thu Jun 25 13:14:26 2026
Read list of 36063 SNPs from AMR.18.bim
Read list of 300 individuals from AMR.18.fam
Reading genotypes from AMR.18.bed
Estimating LD Score.
Writing LD Scores for 35845 SNPs to 18.l2.ldscore.gz

Summary of LD Scores in 18.l2.ldscore.gz
        MAF       L2
mean 0.2410  20.9706
std  0.1408  15.7635
min  0.0017  -0.4372
25%  0.1183  10.3689
50%  0.2317  16.9729
75%  0.3600  26.9720
max  0.5000 150.0740

MAF/LD Score Correlation Matrix
       MAF     L2
MAF 1.0000 0.3125
L2  0.3125 1.0000
Analysis finished at Thu Jun 25 13:14:30 2026
Total time elapsed: 3.87s
