*********************************************************************
* LD Score Regression (LDSC)
* Version 3.0.1
* (C) 2014-2019 Brendan Bulik-Sullivan and Hilary Finucane
* Broad Institute of MIT and Harvard / MIT Department of Mathematics
* GNU General Public License v3
*********************************************************************
Call: 
./ldsc.py \
--out 20 \
--bfile AMR.20 \
--l2  \
--ld-wind-cm 1.0 

Beginning analysis at Thu Jun 25 13:14:33 2026
Read list of 31679 SNPs from AMR.20.bim
Read list of 300 individuals from AMR.20.fam
Reading genotypes from AMR.20.bed
Estimating LD Score.
Writing LD Scores for 31490 SNPs to 20.l2.ldscore.gz

Summary of LD Scores in 20.l2.ldscore.gz
        MAF       L2
mean 0.2355  21.2441
std  0.1426  18.9421
min  0.0017  -0.4136
25%  0.1117   9.8468
50%  0.2233  16.1276
75%  0.3567  25.9564
max  0.5000 173.4683

MAF/LD Score Correlation Matrix
       MAF     L2
MAF 1.0000 0.2794
L2  0.2794 1.0000
Analysis finished at Thu Jun 25 13:14:36 2026
Total time elapsed: 3.14s
