*********************************************************************
* LD Score Regression (LDSC)
* Version 3.0.1
* (C) 2014-2019 Brendan Bulik-Sullivan and Hilary Finucane
* Broad Institute of MIT and Harvard / MIT Department of Mathematics
* GNU General Public License v3
*********************************************************************
Call: 
./ldsc.py \
--out 21 \
--bfile AMR.21 \
--l2  \
--ld-wind-cm 1.0 

Beginning analysis at Thu Jun 25 13:13:01 2026
Read list of 16994 SNPs from AMR.21.bim
Read list of 300 individuals from AMR.21.fam
Reading genotypes from AMR.21.bed
Estimating LD Score.
Writing LD Scores for 16883 SNPs to 21.l2.ldscore.gz

Summary of LD Scores in 21.l2.ldscore.gz
        MAF      L2
mean 0.2389 18.1255
std  0.1398 12.3364
min  0.0017  0.1841
25%  0.1183  9.7656
50%  0.2250 15.2649
75%  0.3583 22.8061
max  0.5000 91.8295

MAF/LD Score Correlation Matrix
       MAF     L2
MAF 1.0000 0.3733
L2  0.3733 1.0000
Analysis finished at Thu Jun 25 13:13:03 2026
Total time elapsed: 1.64s
