*********************************************************************
* LD Score Regression (LDSC)
* Version 3.0.1
* (C) 2014-2019 Brendan Bulik-Sullivan and Hilary Finucane
* Broad Institute of MIT and Harvard / MIT Department of Mathematics
* GNU General Public License v3
*********************************************************************
Call: 
./ldsc.py \
--out 7 \
--bfile AMR.7 \
--l2  \
--ld-wind-cm 1.0 

Beginning analysis at Thu Jun 25 13:13:11 2026
Read list of 67158 SNPs from AMR.7.bim
Read list of 300 individuals from AMR.7.fam
Reading genotypes from AMR.7.bed
Estimating LD Score.
Writing LD Scores for 66732 SNPs to 7.l2.ldscore.gz

Summary of LD Scores in 7.l2.ldscore.gz
        MAF       L2
mean 0.2395  23.7289
std  0.1416  16.4947
min  0.0017  -0.6150
25%  0.1133  12.3003
50%  0.2300  19.8721
75%  0.3600  30.8749
max  0.5000 132.7762

MAF/LD Score Correlation Matrix
       MAF     L2
MAF 1.0000 0.3430
L2  0.3430 1.0000
Analysis finished at Thu Jun 25 13:13:17 2026
Total time elapsed: 6.54s
