*********************************************************************
* LD Score Regression (LDSC)
* Version 3.0.1
* (C) 2014-2019 Brendan Bulik-Sullivan and Hilary Finucane
* Broad Institute of MIT and Harvard / MIT Department of Mathematics
* GNU General Public License v3
*********************************************************************
Call: 
./ldsc.py \
--out 9 \
--bfile AMR.9 \
--l2  \
--ld-wind-cm 1.0 

Beginning analysis at Thu Jun 25 13:11:58 2026
Read list of 56349 SNPs from AMR.9.bim
Read list of 300 individuals from AMR.9.fam
Reading genotypes from AMR.9.bed
Estimating LD Score.
Writing LD Scores for 55951 SNPs to 9.l2.ldscore.gz

Summary of LD Scores in 9.l2.ldscore.gz
        MAF       L2
mean 0.2382  23.3649
std  0.1414  16.2100
min  0.0017  -0.4471
25%  0.1150  11.9983
50%  0.2283  19.4374
75%  0.3583  30.6014
max  0.5000 137.0223

MAF/LD Score Correlation Matrix
       MAF     L2
MAF 1.0000 0.3533
L2  0.3533 1.0000
Analysis finished at Thu Jun 25 13:12:03 2026
Total time elapsed: 5.61s
