*********************************************************************
* LD Score Regression (LDSC)
* Version 3.0.1
* (C) 2014-2019 Brendan Bulik-Sullivan and Hilary Finucane
* Broad Institute of MIT and Harvard / MIT Department of Mathematics
* GNU General Public License v3
*********************************************************************
Call: 
./ldsc.py \
--out 1 \
--bfile AFR.1 \
--l2  \
--ld-wind-cm 1.0 

Beginning analysis at Thu Jun 25 13:07:08 2026
Read list of 100360 SNPs from AFR.1.bim
Read list of 300 individuals from AFR.1.fam
Reading genotypes from AFR.1.bed
Estimating LD Score.
Writing LD Scores for 98678 SNPs to 1.l2.ldscore.gz

Summary of LD Scores in 1.l2.ldscore.gz
        MAF       L2
mean 0.2220  11.6586
std  0.1461   9.2130
min  0.0017  -0.7363
25%  0.0950   5.9426
50%  0.2100   9.3658
75%  0.3433  14.5999
max  0.5000 129.3181

MAF/LD Score Correlation Matrix
       MAF     L2
MAF 1.0000 0.1757
L2  0.1757 1.0000
Analysis finished at Thu Jun 25 13:07:17 2026
Total time elapsed: 9.45s
