*********************************************************************
* LD Score Regression (LDSC)
* Version 3.0.1
* (C) 2014-2019 Brendan Bulik-Sullivan and Hilary Finucane
* Broad Institute of MIT and Harvard / MIT Department of Mathematics
* GNU General Public License v3
*********************************************************************
Call: 
./ldsc.py \
--out 12 \
--bfile AFR.12 \
--l2  \
--ld-wind-cm 1.0 

Beginning analysis at Thu Jun 25 13:05:27 2026
Read list of 59679 SNPs from AFR.12.bim
Read list of 300 individuals from AFR.12.fam
Reading genotypes from AFR.12.bed
Estimating LD Score.
Writing LD Scores for 58631 SNPs to 12.l2.ldscore.gz

Summary of LD Scores in 12.l2.ldscore.gz
        MAF      L2
mean 0.2200 11.6884
std  0.1477  9.2033
min  0.0017 -1.0525
25%  0.0917  5.7250
50%  0.2067  9.1797
75%  0.3433 14.7222
max  0.5000 97.8356

MAF/LD Score Correlation Matrix
       MAF     L2
MAF 1.0000 0.1384
L2  0.1384 1.0000
Analysis finished at Thu Jun 25 13:05:33 2026
Total time elapsed: 5.92s
