*********************************************************************
* LD Score Regression (LDSC)
* Version 3.0.1
* (C) 2014-2019 Brendan Bulik-Sullivan and Hilary Finucane
* Broad Institute of MIT and Harvard / MIT Department of Mathematics
* GNU General Public License v3
*********************************************************************
Call: 
./ldsc.py \
--out 15 \
--bfile AFR.15 \
--l2  \
--ld-wind-cm 1.0 

Beginning analysis at Thu Jun 25 13:07:55 2026
Read list of 36444 SNPs from AFR.15.bim
Read list of 300 individuals from AFR.15.fam
Reading genotypes from AFR.15.bed
Estimating LD Score.
Writing LD Scores for 35829 SNPs to 15.l2.ldscore.gz

Summary of LD Scores in 15.l2.ldscore.gz
        MAF      L2
mean 0.2302 10.2627
std  0.1473  8.7770
min  0.0017 -0.6021
25%  0.1017  4.8965
50%  0.2200  7.5618
75%  0.3567 12.1931
max  0.5000 68.3812

MAF/LD Score Correlation Matrix
       MAF     L2
MAF 1.0000 0.1353
L2  0.1353 1.0000
Analysis finished at Thu Jun 25 13:07:59 2026
Total time elapsed: 3.48s
