*********************************************************************
* LD Score Regression (LDSC)
* Version 3.0.1
* (C) 2014-2019 Brendan Bulik-Sullivan and Hilary Finucane
* Broad Institute of MIT and Harvard / MIT Department of Mathematics
* GNU General Public License v3
*********************************************************************
Call: 
./ldsc.py \
--out 17 \
--bfile AFR.17 \
--l2  \
--ld-wind-cm 1.0 

Beginning analysis at Thu Jun 25 13:07:45 2026
Read list of 32742 SNPs from AFR.17.bim
Read list of 300 individuals from AFR.17.fam
Reading genotypes from AFR.17.bed
Estimating LD Score.
Writing LD Scores for 32258 SNPs to 17.l2.ldscore.gz

Summary of LD Scores in 17.l2.ldscore.gz
        MAF      L2
mean 0.2274 10.3105
std  0.1467  9.7847
min  0.0017  0.1317
25%  0.0983  4.3811
50%  0.2183  7.1535
75%  0.3517 12.3580
max  0.5000 68.4780

MAF/LD Score Correlation Matrix
       MAF     L2
MAF 1.0000 0.1267
L2  0.1267 1.0000
Analysis finished at Thu Jun 25 13:07:48 2026
Total time elapsed: 3.1s
