*********************************************************************
* LD Score Regression (LDSC)
* Version 3.0.1
* (C) 2014-2019 Brendan Bulik-Sullivan and Hilary Finucane
* Broad Institute of MIT and Harvard / MIT Department of Mathematics
* GNU General Public License v3
*********************************************************************
Call: 
./ldsc.py \
--out 18 \
--bfile AFR.18 \
--l2  \
--ld-wind-cm 1.0 

Beginning analysis at Thu Jun 25 13:08:22 2026
Read list of 36063 SNPs from AFR.18.bim
Read list of 300 individuals from AFR.18.fam
Reading genotypes from AFR.18.bed
Estimating LD Score.
Writing LD Scores for 35640 SNPs to 18.l2.ldscore.gz

Summary of LD Scores in 18.l2.ldscore.gz
        MAF      L2
mean 0.2304  9.6332
std  0.1445  6.7717
min  0.0017 -0.3276
25%  0.1067  4.9876
50%  0.2200  7.9606
75%  0.3517 12.3730
max  0.5000 54.2423

MAF/LD Score Correlation Matrix
       MAF     L2
MAF 1.0000 0.2083
L2  0.2083 1.0000
Analysis finished at Thu Jun 25 13:08:26 2026
Total time elapsed: 3.42s
