*********************************************************************
* LD Score Regression (LDSC)
* Version 3.0.1
* (C) 2014-2019 Brendan Bulik-Sullivan and Hilary Finucane
* Broad Institute of MIT and Harvard / MIT Department of Mathematics
* GNU General Public License v3
*********************************************************************
Call: 
./ldsc.py \
--out 19 \
--bfile AFR.19 \
--l2  \
--ld-wind-cm 1.0 

Beginning analysis at Thu Jun 25 13:07:33 2026
Read list of 22891 SNPs from AFR.19.bim
Read list of 300 individuals from AFR.19.fam
Reading genotypes from AFR.19.bed
Estimating LD Score.
Writing LD Scores for 22490 SNPs to 19.l2.ldscore.gz

Summary of LD Scores in 19.l2.ldscore.gz
        MAF      L2
mean 0.2311  9.1720
std  0.1451  8.6547
min  0.0017 -0.2327
25%  0.1067  3.9429
50%  0.2233  6.5407
75%  0.3517 11.2401
max  0.5000 75.4062

MAF/LD Score Correlation Matrix
       MAF     L2
MAF 1.0000 0.1987
L2  0.1987 1.0000
Analysis finished at Thu Jun 25 13:07:35 2026
Total time elapsed: 2.05s
