*********************************************************************
* LD Score Regression (LDSC)
* Version 3.0.1
* (C) 2014-2019 Brendan Bulik-Sullivan and Hilary Finucane
* Broad Institute of MIT and Harvard / MIT Department of Mathematics
* GNU General Public License v3
*********************************************************************
Call: 
./ldsc.py \
--out 20 \
--bfile AFR.20 \
--l2  \
--ld-wind-cm 1.0 

Beginning analysis at Thu Jun 25 13:08:10 2026
Read list of 31679 SNPs from AFR.20.bim
Read list of 300 individuals from AFR.20.fam
Reading genotypes from AFR.20.bed
Estimating LD Score.
Writing LD Scores for 31208 SNPs to 20.l2.ldscore.gz

Summary of LD Scores in 20.l2.ldscore.gz
        MAF      L2
mean 0.2260  9.7631
std  0.1453  7.9441
min  0.0017 -0.2046
25%  0.1017  4.8136
50%  0.2133  7.6116
75%  0.3467 11.8976
max  0.5000 68.5390

MAF/LD Score Correlation Matrix
       MAF     L2
MAF 1.0000 0.2105
L2  0.2105 1.0000
Analysis finished at Thu Jun 25 13:08:13 2026
Total time elapsed: 3.28s
