*********************************************************************
* LD Score Regression (LDSC)
* Version 3.0.1
* (C) 2014-2019 Brendan Bulik-Sullivan and Hilary Finucane
* Broad Institute of MIT and Harvard / MIT Department of Mathematics
* GNU General Public License v3
*********************************************************************
Call: 
./ldsc.py \
--out 21 \
--bfile AFR.21 \
--l2  \
--ld-wind-cm 1.0 

Beginning analysis at Thu Jun 25 13:07:03 2026
Read list of 16994 SNPs from AFR.21.bim
Read list of 300 individuals from AFR.21.fam
Reading genotypes from AFR.21.bed
Estimating LD Score.
Writing LD Scores for 16798 SNPs to 21.l2.ldscore.gz

Summary of LD Scores in 21.l2.ldscore.gz
        MAF      L2
mean 0.2283  8.5708
std  0.1452  5.9477
min  0.0017  0.2299
25%  0.1033  4.7017
50%  0.2183  7.1404
75%  0.3500 10.4537
max  0.5000 48.7297

MAF/LD Score Correlation Matrix
       MAF     L2
MAF 1.0000 0.2071
L2  0.2071 1.0000
Analysis finished at Thu Jun 25 13:07:05 2026
Total time elapsed: 1.83s
