*********************************************************************
* LD Score Regression (LDSC)
* Version 3.0.1
* (C) 2014-2019 Brendan Bulik-Sullivan and Hilary Finucane
* Broad Institute of MIT and Harvard / MIT Department of Mathematics
* GNU General Public License v3
*********************************************************************
Call: 
./ldsc.py \
--out 3 \
--bfile AFR.3 \
--l2  \
--ld-wind-cm 1.0 

Beginning analysis at Thu Jun 25 13:06:52 2026
Read list of 84729 SNPs from AFR.3.bim
Read list of 300 individuals from AFR.3.fam
Reading genotypes from AFR.3.bed
Estimating LD Score.
Writing LD Scores for 83604 SNPs to 3.l2.ldscore.gz

Summary of LD Scores in 3.l2.ldscore.gz
        MAF       L2
mean 0.2298  12.7279
std  0.1469  11.9494
min  0.0017  -1.5032
25%  0.1017   6.1052
50%  0.2200   9.5817
75%  0.3550  15.0875
max  0.5000 135.6753

MAF/LD Score Correlation Matrix
       MAF     L2
MAF 1.0000 0.1716
L2  0.1716 1.0000
Analysis finished at Thu Jun 25 13:07:00 2026
Total time elapsed: 8.11s
