*********************************************************************
* LD Score Regression (LDSC)
* Version 3.0.1
* (C) 2014-2019 Brendan Bulik-Sullivan and Hilary Finucane
* Broad Institute of MIT and Harvard / MIT Department of Mathematics
* GNU General Public License v3
*********************************************************************
Call: 
./ldsc.py \
--out 4 \
--bfile AFR.4 \
--l2  \
--ld-wind-cm 1.0 

Beginning analysis at Thu Jun 25 13:06:31 2026
Read list of 76290 SNPs from AFR.4.bim
Read list of 300 individuals from AFR.4.fam
Reading genotypes from AFR.4.bed
Estimating LD Score.
Writing LD Scores for 75294 SNPs to 4.l2.ldscore.gz

Summary of LD Scores in 4.l2.ldscore.gz
        MAF      L2
mean 0.2297 11.3618
std  0.1452  8.2250
min  0.0017 -0.3269
25%  0.1050  6.0390
50%  0.2200  9.4163
75%  0.3517 14.2464
max  0.5000 75.9859

MAF/LD Score Correlation Matrix
       MAF     L2
MAF 1.0000 0.2049
L2  0.2049 1.0000
Analysis finished at Thu Jun 25 13:06:38 2026
Total time elapsed: 7.5s
