*********************************************************************
* LD Score Regression (LDSC)
* Version 3.0.1
* (C) 2014-2019 Brendan Bulik-Sullivan and Hilary Finucane
* Broad Institute of MIT and Harvard / MIT Department of Mathematics
* GNU General Public License v3
*********************************************************************
Call: 
./ldsc.py \
--out 9 \
--bfile AFR.9 \
--l2  \
--ld-wind-cm 1.0 

Beginning analysis at Thu Jun 25 13:05:36 2026
Read list of 56349 SNPs from AFR.9.bim
Read list of 300 individuals from AFR.9.fam
Reading genotypes from AFR.9.bed
Estimating LD Score.
Writing LD Scores for 55445 SNPs to 9.l2.ldscore.gz

Summary of LD Scores in 9.l2.ldscore.gz
        MAF      L2
mean 0.2260 11.0893
std  0.1468  8.2137
min  0.0017 -0.2532
25%  0.0983  5.7480
50%  0.2167  8.9689
75%  0.3483 13.9191
max  0.5000 85.9908

MAF/LD Score Correlation Matrix
       MAF     L2
MAF 1.0000 0.1794
L2  0.1794 1.0000
Analysis finished at Thu Jun 25 13:05:41 2026
Total time elapsed: 5.3s
