*********************************************************************
* LD Score Regression (LDSC)
* Version 3.0.1
* (C) 2014-2019 Brendan Bulik-Sullivan and Hilary Finucane
* Broad Institute of MIT and Harvard / MIT Department of Mathematics
* GNU General Public License v3
*********************************************************************
Call: 
./ldsc.py \
--out 1 \
--bfile EAS.1 \
--l2  \
--ld-wind-cm 1.0 

Beginning analysis at Thu Jun 25 13:03:43 2026
Read list of 100360 SNPs from EAS.1.bim
Read list of 300 individuals from EAS.1.fam
Reading genotypes from EAS.1.bed
Estimating LD Score.
Writing LD Scores for 92757 SNPs to 1.l2.ldscore.gz

Summary of LD Scores in 1.l2.ldscore.gz
        MAF       L2
mean 0.2269  20.4753
std  0.1489  17.7828
min  0.0017  -1.2064
25%  0.0950   9.3107
50%  0.2183  15.8796
75%  0.3533  26.0046
max  0.5000 183.0499

MAF/LD Score Correlation Matrix
       MAF     L2
MAF 1.0000 0.2153
L2  0.2153 1.0000
Analysis finished at Thu Jun 25 13:03:54 2026
Total time elapsed: 11.03s
