*********************************************************************
* LD Score Regression (LDSC)
* Version 3.0.1
* (C) 2014-2019 Brendan Bulik-Sullivan and Hilary Finucane
* Broad Institute of MIT and Harvard / MIT Department of Mathematics
* GNU General Public License v3
*********************************************************************
Call: 
./ldsc.py \
--out 11 \
--bfile EAS.11 \
--l2  \
--ld-wind-cm 1.0 

Beginning analysis at Thu Jun 25 13:04:31 2026
Read list of 61995 SNPs from EAS.11.bim
Read list of 300 individuals from EAS.11.fam
Reading genotypes from EAS.11.bed
Estimating LD Score.
Writing LD Scores for 58047 SNPs to 11.l2.ldscore.gz

Summary of LD Scores in 11.l2.ldscore.gz
        MAF       L2
mean 0.2309  23.5659
std  0.1488  27.7710
min  0.0017  -1.9763
25%  0.1017   9.8737
50%  0.2283  16.5297
75%  0.3583  27.7023
max  0.5000 250.2105

MAF/LD Score Correlation Matrix
       MAF     L2
MAF 1.0000 0.1372
L2  0.1372 1.0000
Analysis finished at Thu Jun 25 13:04:36 2026
Total time elapsed: 5.52s
