*********************************************************************
* LD Score Regression (LDSC)
* Version 3.0.1
* (C) 2014-2019 Brendan Bulik-Sullivan and Hilary Finucane
* Broad Institute of MIT and Harvard / MIT Department of Mathematics
* GNU General Public License v3
*********************************************************************
Call: 
./ldsc.py \
--out 15 \
--bfile EAS.15 \
--l2  \
--ld-wind-cm 1.0 

Beginning analysis at Thu Jun 25 13:04:58 2026
Read list of 36444 SNPs from EAS.15.bim
Read list of 300 individuals from EAS.15.fam
Reading genotypes from EAS.15.bed
Estimating LD Score.
Writing LD Scores for 34197 SNPs to 15.l2.ldscore.gz

Summary of LD Scores in 15.l2.ldscore.gz
        MAF       L2
mean 0.2321  18.3017
std  0.1491  16.3794
min  0.0017  -1.0848
25%  0.1017   7.8192
50%  0.2233  13.2815
75%  0.3633  22.7583
max  0.5000 104.5514

MAF/LD Score Correlation Matrix
       MAF     L2
MAF 1.0000 0.2294
L2  0.2294 1.0000
Analysis finished at Thu Jun 25 13:05:01 2026
Total time elapsed: 3.27s
