*********************************************************************
* LD Score Regression (LDSC)
* Version 3.0.1
* (C) 2014-2019 Brendan Bulik-Sullivan and Hilary Finucane
* Broad Institute of MIT and Harvard / MIT Department of Mathematics
* GNU General Public License v3
*********************************************************************
Call: 
./ldsc.py \
--out 16 \
--bfile EAS.16 \
--l2  \
--ld-wind-cm 1.0 

Beginning analysis at Thu Jun 25 13:04:10 2026
Read list of 37233 SNPs from EAS.16.bim
Read list of 300 individuals from EAS.16.fam
Reading genotypes from EAS.16.bed
Estimating LD Score.
Writing LD Scores for 34479 SNPs to 16.l2.ldscore.gz

Summary of LD Scores in 16.l2.ldscore.gz
        MAF       L2
mean 0.2285  15.9864
std  0.1481  13.5435
min  0.0017  -1.0534
25%  0.1000   7.3136
50%  0.2233  12.1187
75%  0.3550  20.2115
max  0.5000 108.9030

MAF/LD Score Correlation Matrix
       MAF     L2
MAF 1.0000 0.1363
L2  0.1363 1.0000
Analysis finished at Thu Jun 25 13:04:14 2026
Total time elapsed: 3.65s
