*********************************************************************
* LD Score Regression (LDSC)
* Version 3.0.1
* (C) 2014-2019 Brendan Bulik-Sullivan and Hilary Finucane
* Broad Institute of MIT and Harvard / MIT Department of Mathematics
* GNU General Public License v3
*********************************************************************
Call: 
./ldsc.py \
--out 2 \
--bfile EAS.2 \
--l2  \
--ld-wind-cm 1.0 

Beginning analysis at Thu Jun 25 13:03:57 2026
Read list of 101622 SNPs from EAS.2.bim
Read list of 300 individuals from EAS.2.fam
Reading genotypes from EAS.2.bed
Estimating LD Score.
Writing LD Scores for 94219 SNPs to 2.l2.ldscore.gz

Summary of LD Scores in 2.l2.ldscore.gz
        MAF       L2
mean 0.2250  20.9617
std  0.1493  15.6252
min  0.0017  -1.5779
25%  0.0917  10.0861
50%  0.2150  17.0915
75%  0.3533  27.3923
max  0.5000 115.8159

MAF/LD Score Correlation Matrix
       MAF     L2
MAF 1.0000 0.2479
L2  0.2479 1.0000
Analysis finished at Thu Jun 25 13:04:07 2026
Total time elapsed: 10.18s
