*********************************************************************
* LD Score Regression (LDSC)
* Version 3.0.1
* (C) 2014-2019 Brendan Bulik-Sullivan and Hilary Finucane
* Broad Institute of MIT and Harvard / MIT Department of Mathematics
* GNU General Public License v3
*********************************************************************
Call: 
./ldsc.py \
--out 20 \
--bfile EAS.20 \
--l2  \
--ld-wind-cm 1.0 

Beginning analysis at Thu Jun 25 13:05:04 2026
Read list of 31679 SNPs from EAS.20.bim
Read list of 300 individuals from EAS.20.fam
Reading genotypes from EAS.20.bed
Estimating LD Score.
Writing LD Scores for 29173 SNPs to 20.l2.ldscore.gz

Summary of LD Scores in 20.l2.ldscore.gz
        MAF       L2
mean 0.2321  17.1785
std  0.1504  15.2477
min  0.0017  -0.5651
25%  0.1000   7.6138
50%  0.2250  12.8280
75%  0.3633  21.3583
max  0.5000 125.2122

MAF/LD Score Correlation Matrix
       MAF     L2
MAF 1.0000 0.2033
L2  0.2033 1.0000
Analysis finished at Thu Jun 25 13:05:07 2026
Total time elapsed: 2.78s
