*********************************************************************
* LD Score Regression (LDSC)
* Version 3.0.1
* (C) 2014-2019 Brendan Bulik-Sullivan and Hilary Finucane
* Broad Institute of MIT and Harvard / MIT Department of Mathematics
* GNU General Public License v3
*********************************************************************
Call: 
./ldsc.py \
--out 21 \
--bfile EAS.21 \
--l2  \
--ld-wind-cm 1.0 

Beginning analysis at Thu Jun 25 13:04:47 2026
Read list of 16994 SNPs from EAS.21.bim
Read list of 300 individuals from EAS.21.fam
Reading genotypes from EAS.21.bed
Estimating LD Score.
Writing LD Scores for 16023 SNPs to 21.l2.ldscore.gz

Summary of LD Scores in 21.l2.ldscore.gz
        MAF      L2
mean 0.2376 15.4137
std  0.1488 11.1954
min  0.0017 -0.2842
25%  0.1083  7.6671
50%  0.2317 12.6054
75%  0.3667 19.4618
max  0.5000 68.8438

MAF/LD Score Correlation Matrix
       MAF     L2
MAF 1.0000 0.3173
L2  0.3173 1.0000
Analysis finished at Thu Jun 25 13:04:49 2026
Total time elapsed: 1.54s
