*********************************************************************
* LD Score Regression (LDSC)
* Version 3.0.1
* (C) 2014-2019 Brendan Bulik-Sullivan and Hilary Finucane
* Broad Institute of MIT and Harvard / MIT Department of Mathematics
* GNU General Public License v3
*********************************************************************
Call: 
./ldsc.py \
--out 22 \
--bfile EAS.22 \
--l2  \
--ld-wind-cm 1.0 

Beginning analysis at Thu Jun 25 13:05:22 2026
Read list of 17790 SNPs from EAS.22.bim
Read list of 300 individuals from EAS.22.fam
Reading genotypes from EAS.22.bed
Estimating LD Score.
Writing LD Scores for 16413 SNPs to 22.l2.ldscore.gz

Summary of LD Scores in 22.l2.ldscore.gz
        MAF      L2
mean 0.2225 16.0784
std  0.1523 13.4582
min  0.0017 -1.2605
25%  0.0850  6.6848
50%  0.2100 11.7273
75%  0.3550 21.2110
max  0.5000 75.4939

MAF/LD Score Correlation Matrix
       MAF     L2
MAF 1.0000 0.2383
L2  0.2383 1.0000
Analysis finished at Thu Jun 25 13:05:24 2026
Total time elapsed: 1.66s
