*********************************************************************
* LD Score Regression (LDSC)
* Version 3.0.1
* (C) 2014-2019 Brendan Bulik-Sullivan and Hilary Finucane
* Broad Institute of MIT and Harvard / MIT Department of Mathematics
* GNU General Public License v3
*********************************************************************
Call: 
./ldsc.py \
--out 6 \
--bfile EAS.6 \
--l2  \
--ld-wind-cm 1.0 

Beginning analysis at Thu Jun 25 13:03:23 2026
Read list of 76804 SNPs from EAS.6.bim
Read list of 300 individuals from EAS.6.fam
Reading genotypes from EAS.6.bed
Estimating LD Score.
Writing LD Scores for 71399 SNPs to 6.l2.ldscore.gz

Summary of LD Scores in 6.l2.ldscore.gz
        MAF       L2
mean 0.2270  21.2510
std  0.1501  17.3446
min  0.0017  -1.2647
25%  0.0917   9.8462
50%  0.2200  16.4853
75%  0.3550  27.3085
max  0.5000 141.4034

MAF/LD Score Correlation Matrix
       MAF     L2
MAF 1.0000 0.2928
L2  0.2928 1.0000
Analysis finished at Thu Jun 25 13:03:29 2026
Total time elapsed: 6.77s
