*********************************************************************
* LD Score Regression (LDSC)
* Version 3.0.1
* (C) 2014-2019 Brendan Bulik-Sullivan and Hilary Finucane
* Broad Institute of MIT and Harvard / MIT Department of Mathematics
* GNU General Public License v3
*********************************************************************
Call: 
./ldsc.py \
--out 7 \
--bfile EAS.7 \
--l2  \
--ld-wind-cm 1.0 

Beginning analysis at Thu Jun 25 13:02:53 2026
Read list of 67158 SNPs from EAS.7.bim
Read list of 300 individuals from EAS.7.fam
Reading genotypes from EAS.7.bed
Estimating LD Score.
Writing LD Scores for 62691 SNPs to 7.l2.ldscore.gz

Summary of LD Scores in 7.l2.ldscore.gz
        MAF       L2
mean 0.2276  19.4012
std  0.1494  15.3675
min  0.0017  -1.2521
25%  0.0950   9.3153
50%  0.2183  15.6010
75%  0.3567  24.8054
max  0.5000 120.3646

MAF/LD Score Correlation Matrix
       MAF     L2
MAF 1.0000 0.2385
L2  0.2385 1.0000
Analysis finished at Thu Jun 25 13:03:00 2026
Total time elapsed: 6.86s
