*********************************************************************
* LD Score Regression (LDSC)
* Version 3.0.1
* (C) 2014-2019 Brendan Bulik-Sullivan and Hilary Finucane
* Broad Institute of MIT and Harvard / MIT Department of Mathematics
* GNU General Public License v3
*********************************************************************
Call: 
./ldsc.py \
--out 8 \
--bfile EAS.8 \
--l2  \
--ld-wind-cm 1.0 

Beginning analysis at Thu Jun 25 13:02:20 2026
Read list of 66110 SNPs from EAS.8.bim
Read list of 300 individuals from EAS.8.fam
Reading genotypes from EAS.8.bed
Estimating LD Score.
Writing LD Scores for 61422 SNPs to 8.l2.ldscore.gz

Summary of LD Scores in 8.l2.ldscore.gz
        MAF       L2
mean 0.2339  21.2079
std  0.1513  19.9075
min  0.0017  -1.0007
25%  0.1000   9.9531
50%  0.2300  16.5668
75%  0.3667  26.1924
max  0.5000 233.2719

MAF/LD Score Correlation Matrix
       MAF     L2
MAF 1.0000 0.2514
L2  0.2514 1.0000
Analysis finished at Thu Jun 25 13:02:40 2026
Total time elapsed: 20.11s
